; ModuleID = 'extracted_ir'
source_filename = "/home/u/project/annotated/unit_test/user_lib_func_api.cpp"
target datalayout = "e-m:e-p270:32:32-p271:32:32-p272:64:64-i64:64-i128:128-f80:128-n8:16:32:64-S128"
target triple = "x86_64-unknown-linux-gnu"

; Function Attrs: nounwind
define dso_local ghccc void @DeegenInternal_UserLibFunctionReturnContinuationTrueEntryPoint_testcont1(i64 %0, ptr nocapture readnone %1, i64 %2, ptr nocapture readonly %3, ptr nocapture readnone %4, ptr nocapture readonly %5, i64 %6, i64 %7, i64 %8, ptr %9, i64 %10, i64 %11, ptr nocapture readnone %12, double %13, double %14, double %15, double %16, double %17, double %18) #0 {
  %20 = getelementptr i8, ptr %3, i64 -24
  %.val = load ptr, ptr %20, align 8, !tbaa !2
  %21 = trunc i64 %6 to i32
  %22 = sitofp i32 %21 to double
  %.sroa.0.0.copyload.i.i = load i64, ptr %5, align 8, !tbaa !9
  store double %22, ptr %.val, align 8
  %23 = getelementptr inbounds i8, ptr %.val, i64 8
  store i64 %.sroa.0.0.copyload.i.i, ptr %23, align 8
  %24 = getelementptr inbounds i8, ptr %.val, i64 16
  store i64 %0, ptr %24, align 8
  %25 = getelementptr inbounds i8, ptr %.val, i64 -16
  %26 = load ptr, ptr %25, align 8, !tbaa !11
  musttail call ghccc void %26(i64 %0, ptr undef, i64 %2, ptr nonnull %.val, ptr undef, ptr nonnull %.val, i64 2, i64 undef, i64 undef, ptr %9, i64 undef, i64 undef, ptr undef, double undef, double undef, double undef, double undef, double undef, double undef) #1
  ret void
}

attributes #0 = { nounwind "min-legal-vector-width"="0" "no-trapping-math"="true" "stack-protector-buffer-size"="8" "target-cpu"="x86-64" "target-features"="+bmi,+cmov,+crc32,+cx8,+fsgsbase,+fxsr,+mmx,+popcnt,+sse,+sse2,+sse3,+sse4.1,+sse4.2,+ssse3,+x87" "tune-cpu"="generic" }
attributes #1 = { nounwind }

!llvm.linker.options = !{}
!llvm.module.flags = !{!0, !1}

!0 = !{i32 1, !"wchar_size", i32 4}
!1 = !{i32 7, !"uwtable", i32 2}
!2 = !{!3, !4, i64 8}
!3 = !{!"_ZTS16StackFrameHeader", !4, i64 0, !4, i64 8, !4, i64 16, !7, i64 24, !8, i64 28}
!4 = !{!"any pointer", !5, i64 0}
!5 = !{!"omnipotent char", !6, i64 0}
!6 = !{!"Simple C++ TBAA"}
!7 = !{!"_ZTS17SystemHeapPointerIhE", !8, i64 0}
!8 = !{!"int", !5, i64 0}
!9 = !{!10, !10, i64 0}
!10 = !{!"long", !5, i64 0}
!11 = !{!3, !4, i64 16}
