; ModuleID = 'extracted_ir'
source_filename = "/home/u/project/annotated/unit_test/proven_type_specialization.cpp"
target datalayout = "e-m:e-p270:32:32-p271:32:32-p272:64:64-i64:64-i128:128-f80:128-n8:16:32:64-S128"
target triple = "x86_64-unknown-linux-gnu"

@.str = private unnamed_addr constant [14 x i8] c"cannot handle\00", align 1

; Function Attrs: mustprogress nounwind willreturn memory(none) uwtable
declare dso_local noundef zeroext i1 @_Z19DeegenImpl_TValueIsI7tDoubleEb6TValue(i64) #0

; Function Attrs: mustprogress noreturn nounwind uwtable
define dso_local void @testfn1(i64 %0, i64 %1) #1 {
  %3 = tail call noundef zeroext i1 @_Z19DeegenImpl_TValueIsI7tDoubleEb6TValue(i64 %1) #3
  br i1 %3, label %4, label %._crit_edge2

4:                                                ; preds = %2
  tail call void @DeegenImpl_ReturnValue(i64 %0) #4
  unreachable

._crit_edge2:                                     ; preds = %2
  tail call void @DeegenImpl_ThrowErrorCString(ptr noundef nonnull @.str) #4
  unreachable
}

; Function Attrs: noreturn
declare dso_local void @DeegenImpl_ReturnValue(i64) local_unnamed_addr #2

; Function Attrs: noreturn
declare dso_local void @DeegenImpl_ThrowErrorCString(ptr noundef) local_unnamed_addr #2

attributes #0 = { mustprogress nounwind willreturn memory(none) uwtable "min-legal-vector-width"="0" "no-trapping-math"="true" "stack-protector-buffer-size"="8" "target-cpu"="x86-64" "target-features"="+bmi,+cmov,+crc32,+cx8,+fsgsbase,+fxsr,+mmx,+popcnt,+sse,+sse2,+sse3,+sse4.1,+sse4.2,+ssse3,+x87" "tune-cpu"="generic" }
attributes #1 = { mustprogress noreturn nounwind uwtable "min-legal-vector-width"="0" "no-trapping-math"="true" "stack-protector-buffer-size"="8" "target-cpu"="x86-64" "target-features"="+bmi,+cmov,+crc32,+cx8,+fsgsbase,+fxsr,+mmx,+popcnt,+sse,+sse2,+sse3,+sse4.1,+sse4.2,+ssse3,+x87" "tune-cpu"="generic" }
attributes #2 = { noreturn "no-trapping-math"="true" "stack-protector-buffer-size"="8" "target-cpu"="x86-64" "target-features"="+bmi,+cmov,+crc32,+cx8,+fsgsbase,+fxsr,+mmx,+popcnt,+sse,+sse2,+sse3,+sse4.1,+sse4.2,+ssse3,+x87" "tune-cpu"="generic" }
attributes #3 = { nounwind willreturn memory(none) }
attributes #4 = { noreturn nounwind }

!llvm.linker.options = !{}
!llvm.module.flags = !{!0, !1}

!0 = !{i32 1, !"wchar_size", i32 4}
!1 = !{i32 7, !"uwtable", i32 2}
