; ModuleID = 'extracted_ir'
source_filename = "/home/u/project/annotated/unit_test/throw_error_api_lowering.cpp"
target datalayout = "e-m:e-p270:32:32-p271:32:32-p272:64:64-i64:64-i128:128-f80:128-n8:16:32:64-S128"
target triple = "x86_64-unknown-linux-gnu"

; Function Attrs: nounwind
define dso_local ghccc void @__deegen_interpreter_op_test2_0(i64 %0, ptr %codeBlock, i64 %1, ptr %stackBase, ptr %curBytecode, ptr nocapture readnone %2, i64 %3, i64 %4, i64 %5, ptr %coroutineCtx, i64 %6, i64 %7, ptr nocapture readnone %8, double %9, double %10, double %11, double %12, double %13, double %14) local_unnamed_addr #0 section "deegen_interpreter_code_section_hot" {
  %16 = getelementptr inbounds i8, ptr %curBytecode, i64 2
  %17 = load i32, ptr %16, align 1
  %18 = zext i32 %17 to i64
  %19 = getelementptr inbounds i64, ptr %stackBase, i64 %18
  %bc_operand_x = load i64, ptr %19, align 8
  %20 = getelementptr inbounds i8, ptr %codeBlock, i64 88
  %21 = ptrtoint ptr %curBytecode to i64
  %22 = ptrtoint ptr %20 to i64
  %23 = getelementptr inbounds i8, ptr %codeBlock, i64 40
  %24 = load i64, ptr %23, align 8, !tbaa !2
  %reass.sub1.i = add i64 %22, -88
  %.neg4.i = sub i64 %reass.sub1.i, %21
  %25 = add i64 %.neg4.i, %24
  store i64 %25, ptr %23, align 8, !tbaa !2
  %26 = inttoptr i64 %bc_operand_x to ptr
  musttail call ghccc void @DeegenInternal_UserLibFunctionTrueEntryPoint_DeegenInternal_ThrowTValueErrorImpl(i64 %0, ptr undef, i64 %1, ptr %stackBase, ptr %26, ptr undef, i64 undef, i64 undef, i64 undef, ptr %coroutineCtx, i64 undef, i64 undef, ptr undef, double undef, double undef, double undef, double undef, double undef, double undef)
  ret void
}

; Function Attrs: nounwind
declare dso_local ghccc void @DeegenInternal_UserLibFunctionTrueEntryPoint_DeegenInternal_ThrowTValueErrorImpl(i64, ptr, i64, ptr, ptr, ptr, i64, i64, i64, ptr, i64, i64, ptr, double, double, double, double, double, double) local_unnamed_addr #0

attributes #0 = { nounwind "min-legal-vector-width"="0" "no-trapping-math"="true" "stack-protector-buffer-size"="8" "target-cpu"="x86-64" "target-features"="+bmi,+cmov,+crc32,+cx8,+fsgsbase,+fxsr,+mmx,+popcnt,+sse,+sse2,+sse3,+sse4.1,+sse4.2,+ssse3,+x87" "tune-cpu"="generic" }

!llvm.linker.options = !{}
!llvm.module.flags = !{!0, !1}

!0 = !{i32 1, !"wchar_size", i32 4}
!1 = !{i32 7, !"uwtable", i32 2}
!2 = !{!3, !16, i64 40}
!3 = !{!"_ZTS9CodeBlock", !4, i64 0, !15, i64 24, !12, i64 32, !12, i64 36, !16, i64 40, !12, i64 48, !12, i64 52, !13, i64 56, !13, i64 64, !13, i64 72, !17, i64 80, !7, i64 88}
!4 = !{!"_ZTS14ExecutableCode", !5, i64 0, !10, i64 2, !11, i64 3, !12, i64 4, !13, i64 8, !14, i64 16}
!5 = !{!"_ZTS24SystemHeapGcObjectHeader", !6, i64 0, !9, i64 1}
!6 = !{!"_ZTS14HeapEntityType", !7, i64 0}
!7 = !{!"omnipotent char", !8, i64 0}
!8 = !{!"Simple C++ TBAA"}
!9 = !{!"_ZTS11GcCellState", !7, i64 0}
!10 = !{!"_ZTSN14ExecutableCode4KindE", !7, i64 0}
!11 = !{!"bool", !7, i64 0}
!12 = !{!"int", !7, i64 0}
!13 = !{!"any pointer", !7, i64 0}
!14 = !{!"_ZTSN14ExecutableCode23InterpreterCallIcAnchorE", !12, i64 0, !12, i64 4}
!15 = !{!"_ZTS15UserHeapPointerI11TableObjectE", !16, i64 0}
!16 = !{!"long", !7, i64 0}
!17 = !{!"_ZTS20SpdsDoublyLinkedListI23JitCallInlineCacheEntryE", !18, i64 0}
!18 = !{!"_ZTS24SpdsDoublyLinkedListNodeI23JitCallInlineCacheEntryE", !19, i64 0, !19, i64 4}
!19 = !{!"_ZTS19SpdsOrSystemHeapPtrI24SpdsDoublyLinkedListNodeI23JitCallInlineCacheEntryEE", !12, i64 0}
