; ModuleID = 'extracted_ir'
source_filename = "/home/u/project/annotated/unit_test/make_call_api_parser.cpp"
target datalayout = "e-m:e-p270:32:32-p271:32:32-p272:64:64-i64:64-i128:128-f80:128-n8:16:32:64-S128"
target triple = "x86_64-unknown-linux-gnu"

%class.anon.2 = type { i8 }

; Function Attrs: mustprogress nounwind willreturn memory(none) uwtable
declare dso_local noundef zeroext i1 @_Z19DeegenImpl_TValueIsI9tFunctionEb6TValue(i64) #0

; Function Attrs: mustprogress nocallback nofree nosync nounwind willreturn memory(argmem: readwrite)
declare void @llvm.lifetime.start.p0(i64 immarg, ptr nocapture) #1

declare dso_local noundef ptr addrspace(256) @_Z9GetCallee6TValueS_(i64, i64) local_unnamed_addr #2

; Function Attrs: mustprogress noreturn nounwind uwtable
define dso_local void @testfn2(ptr noundef %0, i64 noundef %1) #3 {
  %3 = alloca %class.anon.2, align 1
  %.sroa.012.0.copyload.reg2mem = alloca i64, align 8
  %"reg2mem alloca point" = bitcast i32 0 to i32
  %.sroa.012.0.copyload = load i64, ptr %0, align 8, !tbaa !2
  store i64 %.sroa.012.0.copyload, ptr %.sroa.012.0.copyload.reg2mem, align 8
  %.sroa.012.0.copyload.reload59 = load i64, ptr %.sroa.012.0.copyload.reg2mem, align 8
  %4 = call noundef zeroext i1 @_Z19DeegenImpl_TValueIsI9tFunctionEb6TValue(i64 %.sroa.012.0.copyload.reload59) #6
  br i1 %4, label %5, label %9

5:                                                ; preds = %2
  %.sroa.012.0.copyload.reload58 = load i64, ptr %.sroa.012.0.copyload.reg2mem, align 8
  %6 = call noundef ptr addrspace(256) @_Z19DeegenImpl_TValueAsI9tFunctionEDa6TValue(i64 %.sroa.012.0.copyload.reload58) #6
  call void @llvm.lifetime.start.p0(i64 1, ptr nonnull %3) #7
  %7 = call fastcc ptr @"_ZZ7testfn2ENK3$_0cvPFvP6TValuemS1_mEEv"(ptr noundef nonnull align 1 dereferenceable(1) %3) #7
  %8 = ptrtoint ptr addrspace(256) %6 to i64
  call void @__DeegenInternal_AstMakeCallIdentificationFunc_3(i1 true, i1 false, i1 false, i64 %8, ptr @"_ZZ7testfn2EN3$_08__invokeEP6TValuemS1_m", i64 0, ptr %0, i64 %1)
  unreachable

9:                                                ; preds = %2
  %10 = getelementptr inbounds i8, ptr %0, i64 8
  %.sroa.02.0.copyload = load i64, ptr %10, align 8, !tbaa !2
  %.sroa.012.0.copyload.reload = load i64, ptr %.sroa.012.0.copyload.reg2mem, align 8
  %11 = call noundef ptr addrspace(256) @_Z9GetCallee6TValueS_(i64 %.sroa.012.0.copyload.reload, i64 %.sroa.02.0.copyload) #7
  %12 = getelementptr inbounds i8, ptr %0, i64 16
  %.sroa.01.0.copyload = load i64, ptr %12, align 8, !tbaa !2
  %13 = getelementptr inbounds i8, ptr %0, i64 24
  %.sroa.0.0.copyload = load i64, ptr %13, align 8, !tbaa !2
  %14 = ptrtoint ptr addrspace(256) %11 to i64
  call void @__DeegenInternal_AstMakeCallIdentificationFunc_4(i1 false, i1 true, i1 true, i64 %14, ptr null, i64 0, i64 %.sroa.01.0.copyload, ptr %0, i64 %1, i64 %.sroa.0.0.copyload)
  unreachable
}

; Function Attrs: inlinehint mustprogress nounwind uwtable
declare dso_local fastcc ptr @"_ZZ7testfn2ENK3$_0cvPFvP6TValuemS1_mEEv"(ptr noundef nonnull align 1 dereferenceable(1)) unnamed_addr #4 align 2

; Function Attrs: mustprogress nounwind willreturn memory(none) uwtable
declare dso_local noundef ptr addrspace(256) @_Z19DeegenImpl_TValueAsI9tFunctionEDa6TValue(i64) local_unnamed_addr #0

; Function Attrs: inlinehint mustprogress nounwind uwtable
declare dso_local void @"_ZZ7testfn2EN3$_08__invokeEP6TValuemS1_m"(ptr noundef, i64 noundef, ptr noundef, i64 noundef) #4 align 2

; Function Attrs: noreturn nounwind
declare void @__DeegenInternal_AstMakeCallIdentificationFunc_3(i1, i1, i1, i64, ptr, i64, ptr, i64) #5

; Function Attrs: noreturn nounwind
declare void @__DeegenInternal_AstMakeCallIdentificationFunc_4(i1, i1, i1, i64, ptr, i64, i64, ptr, i64, i64) #5

attributes #0 = { mustprogress nounwind willreturn memory(none) uwtable "min-legal-vector-width"="0" "no-trapping-math"="true" "stack-protector-buffer-size"="8" "target-cpu"="x86-64" "target-features"="+bmi,+cmov,+crc32,+cx8,+fsgsbase,+fxsr,+mmx,+popcnt,+sse,+sse2,+sse3,+sse4.1,+sse4.2,+ssse3,+x87" "tune-cpu"="generic" }
attributes #1 = { mustprogress nocallback nofree nosync nounwind willreturn memory(argmem: readwrite) }
attributes #2 = { "no-trapping-math"="true" "stack-protector-buffer-size"="8" "target-cpu"="x86-64" "target-features"="+bmi,+cmov,+crc32,+cx8,+fsgsbase,+fxsr,+mmx,+popcnt,+sse,+sse2,+sse3,+sse4.1,+sse4.2,+ssse3,+x87" "tune-cpu"="generic" }
attributes #3 = { mustprogress noreturn nounwind uwtable "min-legal-vector-width"="0" "no-trapping-math"="true" "stack-protector-buffer-size"="8" "target-cpu"="x86-64" "target-features"="+bmi,+cmov,+crc32,+cx8,+fsgsbase,+fxsr,+mmx,+popcnt,+sse,+sse2,+sse3,+sse4.1,+sse4.2,+ssse3,+x87" "tune-cpu"="generic" }
attributes #4 = { inlinehint mustprogress nounwind uwtable "min-legal-vector-width"="0" "no-trapping-math"="true" "stack-protector-buffer-size"="8" "target-cpu"="x86-64" "target-features"="+bmi,+cmov,+crc32,+cx8,+fsgsbase,+fxsr,+mmx,+popcnt,+sse,+sse2,+sse3,+sse4.1,+sse4.2,+ssse3,+x87" "tune-cpu"="generic" }
attributes #5 = { noreturn nounwind }
attributes #6 = { nounwind willreturn memory(none) }
attributes #7 = { nounwind }

!llvm.linker.options = !{}
!llvm.module.flags = !{!0, !1}

!0 = !{i32 1, !"wchar_size", i32 4}
!1 = !{i32 7, !"uwtable", i32 2}
!2 = !{!3, !3, i64 0}
!3 = !{!"long", !4, i64 0}
!4 = !{!"omnipotent char", !5, i64 0}
!5 = !{!"Simple C++ TBAA"}
