------
1
1
2
2
3
3
------
10
10
11
11
12
12
------
3
4
4
5
5
------
12
13
13
14
14
